// Jest Snapshot v1, https://goo.gl/fbAQLP

exports[`Tests on CounterApp File Should match with the snapshot 1`] = `
<div>
  <h1>
    CounterApp
  </h1>
  <h2
    data-testid="init-val"
  >
    100
  </h2>
  <button>
    Click me!
  </button>
  <div
    class="button-container"
  >
    <button>
      +1
    </button>
    <button>
      -1
    </button>
    <button
      aria-label="btn-reset"
    >
      Reset
    </button>
  </div>
</div>
`;
