// Jest Snapshot v1, https://goo.gl/fbAQLP

exports[`Tests on FirstApp File Should match with snapshot 1`] = `
<div>
  <div
    data-testid="test-title"
  >
    I am learning React!
  </div>
  <div>
    My first app using React
  </div>
  <p>
    {"main":"Jenn"}
  </p>
  <p>
    Hey! I am a function!
  </p>
  <p>
    I am learning React!
  </p>
  <p>
    3
  </p>
  <p>
    Jeeeenn
  </p>
</div>
`;
