// Jest Snapshot v1, https://goo.gl/fbAQLP

exports[`Testing GifItem component Eval snapshot 1`] = `
<div>
  <div
    class="card"
  >
    <img
      alt="Dragon Ball"
      src="http://test.es/"
    />
    <p>
      Dragon Ball
    </p>
  </div>
</div>
`;
